#-----------------------------------------------------------
# Vivado v2025.2 (64-bit)
# SW Build 6299465 on Fri Nov 14 19:35:11 GMT 2025
# IP Build 6300035 on Fri Nov 14 10:48:45 MST 2025
# SharedData Build 6298862 on Thu Nov 13 04:50:51 MST 2025
# Start of session at: Tue Mar 31 01:13:23 2026
# Process ID         : 29232
# Current directory  : E:/Vivado_code/rv32i_v2/rv32i_v2.runs/irom_test_synth_1
# Command line       : vivado.exe -log irom_test.vds -product Vivado -mode batch -messageDb vivado.pb -notrace -source irom_test.tcl
# Log file           : E:/Vivado_code/rv32i_v2/rv32i_v2.runs/irom_test_synth_1/irom_test.vds
# Journal file       : E:/Vivado_code/rv32i_v2/rv32i_v2.runs/irom_test_synth_1\vivado.jou
# Running On         : ZHOU-1
# Platform           : Windows Server 2016 or Windows 10
# Operating System   : 26200
# Processor Detail   : 11th Gen Intel(R) Core(TM) i5-11260H @ 2.60GHz
# CPU Frequency      : 2611 MHz
# CPU Physical cores : 6
# CPU Logical cores  : 12
# Host memory        : 16893 MB
# Swap memory        : 17639 MB
# Total Virtual      : 34532 MB
# Available Virtual  : 4722 MB
#-----------------------------------------------------------
source irom_test.tcl -notrace
